// Jest Snapshot v1, https://goo.gl/fbAQLP

exports[`should render add expage correctly 1`] = `
<div>
  <p>
    this is from my add expense compoent
  </p>
  <ExpenseForm
    onSubmit={[Function]}
  />
</div>
`;
